Microsoft Windows [版本 10.0.19041.450]
(c) 2020 Microsoft Corporation. 保留所有权利。

D:\Program Files\mysql-5.6.49-winx64>mysql -u root -p
Enter password:
Welcome to the MySQL monitor.  Commands end with ; or \g.
Your MySQL connection id is 1
Server version: 5.6.49 MySQL Community Server (GPL)

Copyright (c) 2000, 2020, Oracle and/or its affiliates. All rights reserved.

Oracle is a registered trademark of Oracle Corporation and/or its
affiliates. Other names may be trademarks of their respective
owners.

Type 'help;' or '\h' for help. Type '\c' to clear the current input statement.

mysql> update user set password=password("root") where user="root";
ERROR 1046 (3D000): No database selected
mysql> use mysql;
Database changed
mysql> update user set password=password("root") where user="root";
Query OK, 3 rows affected (0.11 sec)
Rows matched: 3  Changed: 3  Warnings: 0

mysql> flush privileges;
Query OK, 0 rows affected (0.03 sec)

mysql> quit
Bye

D:\Program Files\mysql-5.6.49-winx64>